------------------------------------------------------------
Timing Analyzer Summary
------------------------------------------------------------

Type  : Slow 1200mV 85C Model Setup 'clk'
Slack : -4.558
TNS   : -66.490

Type  : Slow 1200mV 85C Model Setup 'clk_divider:DIV|clk_div'
Slack : -1.048
TNS   : -4.761

Type  : Slow 1200mV 85C Model Hold 'clk_divider:DIV|clk_div'
Slack : 0.348
TNS   : 0.000

Type  : Slow 1200mV 85C Model Hold 'clk'
Slack : 0.639
TNS   : 0.000

Type  : Slow 1200mV 85C Model Minimum Pulse Width 'clk'
Slack : -3.000
TNS   : -49.299

Type  : Slow 1200mV 85C Model Minimum Pulse Width 'clk_divider:DIV|clk_div'
Slack : -1.403
TNS   : -9.821

Type  : Slow 1200mV 0C Model Setup 'clk'
Slack : -4.119
TNS   : -57.102

Type  : Slow 1200mV 0C Model Setup 'clk_divider:DIV|clk_div'
Slack : -0.857
TNS   : -3.784

Type  : Slow 1200mV 0C Model Hold 'clk_divider:DIV|clk_div'
Slack : 0.311
TNS   : 0.000

Type  : Slow 1200mV 0C Model Hold 'clk'
Slack : 0.592
TNS   : 0.000

Type  : Slow 1200mV 0C Model Minimum Pulse Width 'clk'
Slack : -3.000
TNS   : -49.299

Type  : Slow 1200mV 0C Model Minimum Pulse Width 'clk_divider:DIV|clk_div'
Slack : -1.403
TNS   : -9.821

Type  : Fast 1200mV 0C Model Setup 'clk'
Slack : -1.539
TNS   : -9.235

Type  : Fast 1200mV 0C Model Setup 'clk_divider:DIV|clk_div'
Slack : 0.184
TNS   : 0.000

Type  : Fast 1200mV 0C Model Hold 'clk_divider:DIV|clk_div'
Slack : 0.152
TNS   : 0.000

Type  : Fast 1200mV 0C Model Hold 'clk'
Slack : 0.247
TNS   : 0.000

Type  : Fast 1200mV 0C Model Minimum Pulse Width 'clk'
Slack : -3.000
TNS   : -37.147

Type  : Fast 1200mV 0C Model Minimum Pulse Width 'clk_divider:DIV|clk_div'
Slack : -1.000
TNS   : -7.000

------------------------------------------------------------
