------------------------------------------------------------
Timing Analyzer Summary
------------------------------------------------------------

Type  : Slow 1200mV 85C Model Setup 'clk'
Slack : -4.738
TNS   : -67.202

Type  : Slow 1200mV 85C Model Setup 'clk_divider:DIVIDER|clk_div'
Slack : -3.017
TNS   : -6.913

Type  : Slow 1200mV 85C Model Setup 'current_state.k4'
Slack : -2.595
TNS   : -7.535

Type  : Slow 1200mV 85C Model Hold 'clk_divider:DIVIDER|clk_div'
Slack : 0.348
TNS   : 0.000

Type  : Slow 1200mV 85C Model Hold 'clk'
Slack : 0.646
TNS   : 0.000

Type  : Slow 1200mV 85C Model Hold 'current_state.k4'
Slack : 1.478
TNS   : 0.000

Type  : Slow 1200mV 85C Model Minimum Pulse Width 'clk'
Slack : -3.000
TNS   : -49.299

Type  : Slow 1200mV 85C Model Minimum Pulse Width 'clk_divider:DIVIDER|clk_div'
Slack : -1.403
TNS   : -7.015

Type  : Slow 1200mV 85C Model Minimum Pulse Width 'current_state.k4'
Slack : 0.419
TNS   : 0.000

Type  : Slow 1200mV 0C Model Setup 'clk'
Slack : -4.319
TNS   : -58.136

Type  : Slow 1200mV 0C Model Setup 'clk_divider:DIVIDER|clk_div'
Slack : -2.718
TNS   : -5.912

Type  : Slow 1200mV 0C Model Setup 'current_state.k4'
Slack : -2.495
TNS   : -7.177

Type  : Slow 1200mV 0C Model Hold 'clk_divider:DIVIDER|clk_div'
Slack : 0.312
TNS   : 0.000

Type  : Slow 1200mV 0C Model Hold 'clk'
Slack : 0.597
TNS   : 0.000

Type  : Slow 1200mV 0C Model Hold 'current_state.k4'
Slack : 1.308
TNS   : 0.000

Type  : Slow 1200mV 0C Model Minimum Pulse Width 'clk'
Slack : -3.000
TNS   : -49.299

Type  : Slow 1200mV 0C Model Minimum Pulse Width 'clk_divider:DIVIDER|clk_div'
Slack : -1.403
TNS   : -7.015

Type  : Slow 1200mV 0C Model Minimum Pulse Width 'current_state.k4'
Slack : 0.466
TNS   : 0.000

Type  : Fast 1200mV 0C Model Setup 'clk'
Slack : -1.531
TNS   : -10.193

Type  : Fast 1200mV 0C Model Setup 'clk_divider:DIVIDER|clk_div'
Slack : -1.149
TNS   : -2.172

Type  : Fast 1200mV 0C Model Setup 'current_state.k4'
Slack : -0.723
TNS   : -1.914

Type  : Fast 1200mV 0C Model Hold 'clk_divider:DIVIDER|clk_div'
Slack : 0.152
TNS   : 0.000

Type  : Fast 1200mV 0C Model Hold 'clk'
Slack : 0.250
TNS   : 0.000

Type  : Fast 1200mV 0C Model Hold 'current_state.k4'
Slack : 0.372
TNS   : 0.000

Type  : Fast 1200mV 0C Model Minimum Pulse Width 'clk'
Slack : -3.000
TNS   : -37.135

Type  : Fast 1200mV 0C Model Minimum Pulse Width 'clk_divider:DIVIDER|clk_div'
Slack : -1.000
TNS   : -5.000

Type  : Fast 1200mV 0C Model Minimum Pulse Width 'current_state.k4'
Slack : 0.372
TNS   : 0.000

------------------------------------------------------------
