------------------------------------------------------------
Timing Analyzer Summary
------------------------------------------------------------

Type  : Slow 1200mV 85C Model Setup 'clk'
Slack : -4.823
TNS   : -68.179

Type  : Slow 1200mV 85C Model Setup 'clk_divider:DIVIDER|clk_div'
Slack : -1.162
TNS   : -5.935

Type  : Slow 1200mV 85C Model Hold 'clk_divider:DIVIDER|clk_div'
Slack : 0.451
TNS   : 0.000

Type  : Slow 1200mV 85C Model Hold 'clk'
Slack : 0.645
TNS   : 0.000

Type  : Slow 1200mV 85C Model Minimum Pulse Width 'clk'
Slack : -3.000
TNS   : -49.299

Type  : Slow 1200mV 85C Model Minimum Pulse Width 'clk_divider:DIVIDER|clk_div'
Slack : -1.403
TNS   : -9.821

Type  : Slow 1200mV 0C Model Setup 'clk'
Slack : -4.416
TNS   : -59.149

Type  : Slow 1200mV 0C Model Setup 'clk_divider:DIVIDER|clk_div'
Slack : -0.959
TNS   : -4.757

Type  : Slow 1200mV 0C Model Hold 'clk_divider:DIVIDER|clk_div'
Slack : 0.414
TNS   : 0.000

Type  : Slow 1200mV 0C Model Hold 'clk'
Slack : 0.596
TNS   : 0.000

Type  : Slow 1200mV 0C Model Minimum Pulse Width 'clk'
Slack : -3.000
TNS   : -49.299

Type  : Slow 1200mV 0C Model Minimum Pulse Width 'clk_divider:DIVIDER|clk_div'
Slack : -1.403
TNS   : -9.821

Type  : Fast 1200mV 0C Model Setup 'clk'
Slack : -1.556
TNS   : -10.005

Type  : Fast 1200mV 0C Model Setup 'clk_divider:DIVIDER|clk_div'
Slack : 0.141
TNS   : 0.000

Type  : Fast 1200mV 0C Model Hold 'clk_divider:DIVIDER|clk_div'
Slack : 0.182
TNS   : 0.000

Type  : Fast 1200mV 0C Model Hold 'clk'
Slack : 0.249
TNS   : 0.000

Type  : Fast 1200mV 0C Model Minimum Pulse Width 'clk'
Slack : -3.000
TNS   : -37.133

Type  : Fast 1200mV 0C Model Minimum Pulse Width 'clk_divider:DIVIDER|clk_div'
Slack : -1.000
TNS   : -7.000

------------------------------------------------------------
