------------------------------------------------------------
Timing Analyzer Summary
------------------------------------------------------------

Type  : Slow 1200mV 85C Model Setup 'clk'
Slack : -4.350
TNS   : -66.211

Type  : Slow 1200mV 85C Model Setup 'clk_divider:newClock|clk_div'
Slack : -0.954
TNS   : -4.877

Type  : Slow 1200mV 85C Model Hold 'clk_divider:newClock|clk_div'
Slack : 0.347
TNS   : 0.000

Type  : Slow 1200mV 85C Model Hold 'clk'
Slack : 0.645
TNS   : 0.000

Type  : Slow 1200mV 85C Model Minimum Pulse Width 'clk'
Slack : -3.000
TNS   : -49.299

Type  : Slow 1200mV 85C Model Minimum Pulse Width 'clk_divider:newClock|clk_div'
Slack : -1.403
TNS   : -9.821

Type  : Slow 1200mV 0C Model Setup 'clk'
Slack : -3.952
TNS   : -56.933

Type  : Slow 1200mV 0C Model Setup 'clk_divider:newClock|clk_div'
Slack : -0.774
TNS   : -3.835

Type  : Slow 1200mV 0C Model Hold 'clk_divider:newClock|clk_div'
Slack : 0.311
TNS   : 0.000

Type  : Slow 1200mV 0C Model Hold 'clk'
Slack : 0.596
TNS   : 0.000

Type  : Slow 1200mV 0C Model Minimum Pulse Width 'clk'
Slack : -3.000
TNS   : -49.299

Type  : Slow 1200mV 0C Model Minimum Pulse Width 'clk_divider:newClock|clk_div'
Slack : -1.403
TNS   : -9.821

Type  : Fast 1200mV 0C Model Setup 'clk'
Slack : -1.412
TNS   : -9.156

Type  : Fast 1200mV 0C Model Setup 'clk_divider:newClock|clk_div'
Slack : 0.180
TNS   : 0.000

Type  : Fast 1200mV 0C Model Hold 'clk_divider:newClock|clk_div'
Slack : 0.152
TNS   : 0.000

Type  : Fast 1200mV 0C Model Hold 'clk'
Slack : 0.249
TNS   : 0.000

Type  : Fast 1200mV 0C Model Minimum Pulse Width 'clk'
Slack : -3.000
TNS   : -37.115

Type  : Fast 1200mV 0C Model Minimum Pulse Width 'clk_divider:newClock|clk_div'
Slack : -1.000
TNS   : -7.000

------------------------------------------------------------
